<html>
<body>
<pre>
<h1>µVision Build Log</h1>
<h2>Tool Versions:</h2>
IDE-Version: ¦ÌVision V5.43.1.0
Copyright (C) 2025 ARM Ltd and ARM Germany GmbH. All rights reserved.
License Information: yu 384015686@qq.com, e, LIC=D0D7S-L0DVF-NNDAF-6W329-EEBB3-35HM2
 
Tool Versions:
Toolchain:       MDK-ARM Plus  Version: 5.43.0.0
Toolchain Path:  D:\k5\ARM\ARM\Bin
C Compiler:      Armcc.exe V5.06 update 7 (build 960)
Assembler:       Armasm.exe V5.06 update 7 (build 960)
Linker/Locator:  ArmLink.exe V5.06 update 7 (build 960)
Library Manager: ArmAr.exe V5.06 update 7 (build 960)
Hex Converter:   FromElf.exe V5.06 update 7 (build 960)
CPU DLL:         SARMCM3.DLL V5.43.0.0
Dialog DLL:      DCM.DLL V1.17.5.0
Target DLL:      STLink\ST-LINKIII-KEIL_SWO.dll V3.3.1.0
Dialog DLL:      TCM.DLL V1.56.6.0
 
<h2>Project:</h2>
D:\program\STM32_Standalone_TempMonitor\STM32_TempMonitor_WithSerial\Project.uvprojx
Project File Date:  05/27/2026

<h2>Output:</h2>
*** Using Compiler 'V5.06 update 7 (build 960)', folder: 'D:\k5\ARM\ARM\Bin'
Build target 'Target 1'
compiling main.c...
.\Hardware\ADC.h(9): warning:  #1-D: last line of file ends without a newline
  #endif
.\Hardware\Serial.h(19): warning:  #1-D: last line of file ends without a newline
  #endif
User\main.c(86): warning:  #1-D: last line of file ends without a newline
  }
User\main.c: 3 warnings, 0 errors
linking...
Program Size: Code=11058 RO-data=1854 RW-data=24 ZI-data=1696  
".\Objects\Project.axf" - 0 Error(s), 3 Warning(s).

<h2>Software Packages used:</h2>

Package Vendor: Keil
                https://www.keil.com/pack/Keil.STM32F1xx_DFP.2.4.1.pack
                Keil::STM32F1xx_DFP@2.4.1
                STMicroelectronics STM32F1 Series Device Support, Drivers and Examples

<h2>Collection of Component include folders:</h2>
  D:/k5/ARM/PACK/Keil/STM32F1xx_DFP/2.4.1/Device/Include

<h2>Collection of Component Files used:</h2>
Build Time Elapsed:  00:00:00
</pre>
</body>
</html>
